9688105.481656599789858
463
47 3 380 426 462 
215 2 857 258 
822 4 133 919 234 1128 
56 3 405 1389 427 
484 3 843 566 1030 
707 3 637 815 1149 
961 4 486 105 1046 68 
830 4 738 263 691 791 
562 3 834 1199 1456 
490 3 237 1162 713 
329 4 784 216 1008 47 
567 3 172 585 302 
210 3 386 1391 1026 
574 5 280 615 1416 472 357 
835 4 1155 1205 1178 1481 
119 4 1052 180 431 270 
240 3 271 826 1250 
146 3 1455 1258 1316 
971 3 897 442 646 
494 4 598 314 170 78 
78 4 554 114 937 1020 
246 4 294 376 1166 1191 
805 5 1170 1187 1327 221 262 
128 4 933 485 664 1429 
816 5 631 336 901 1180 1470 
123 3 778 1322 149 
936 5 423 448 502 1072 1385 
773 3 557 1251 30 
541 5 735 387 119 803 1207 
974 4 539 329 1211 630 
251 5 1328 1288 740 1232 1468 
697 5 567 1005 7 1223 716 
380 3 965 497 1067 
62 4 1427 520 1269 1059 
553 5 570 238 625 1488 425 
185 3 661 964 972 
599 4 1261 1114 64 163 
521 4 82 1304 1186 766 
286 5 1290 1380 1462 899 17 
437 3 248 334 863 
611 4 1344 148 1349 507 
14 5 36 1255 1324 1284 421 
187 3 201 1289 512 
431 4 775 76 1080 1068 
843 4 676 931 1332 161 
293 5 1491 955 454 1225 962 
809 4 1062 1447 1382 1281 
807 3 1045 1257 1104 
361 3 335 593 973 
628 5 556 1081 1460 455 1400 
230 3 1103 284 1395 
641 4 1171 647 692 752 
633 3 1071 744 347 
594 4 474 767 99 53 
157 2 674 225 
150 4 756 1027 1286 478 
669 5 884 18 555 1143 475 
152 3 533 1055 1124 
205 3 1179 1109 1428 
530 4 1384 770 722 1377 
225 4 669 1133 540 852 
26 4 1426 869 1144 195 
475 5 1196 523 1473 368 729 
384 4 1450 694 710 453 
204 5 587 49 222 404 1203 
425 3 1192 1490 798 
933 3 959 1197 415 
96 4 4 330 1335 935 
967 5 1145 187 418 975 894 
600 3 966 446 893 
435 4 844 1476 837 48 
137 4 29 689 1048 63 
844 2 160 1394 
496 4 1220 179 1119 123 
548 5 947 889 1096 487 402 
875 5 364 214 1093 1393 1083 
796 5 1029 577 510 183 204 
821 4 1264 50 189 321 
735 5 763 110 319 246 1161 
336 2 960 339 
999 4 711 198 1333 1423 
427 4 576 875 83 1213 
234 3 1176 1475 265 
110 4 1069 492 995 1 
972 4 316 910 528 727 
899 4 1451 651 1173 1226 
682 4 1311 668 429 231 
681 4 564 328 860 1489 
590 4 683 1007 686 796 
940 4 1449 242 377 1165 
750 4 597 213 985 866 
73 3 432 103 1219 
367 4 736 1042 1331 208 
948 5 1338 1234 1268 627 1310 
901 3 1347 1041 1343 
406 5 635 505 774 701 1342 
544 3 880 925 506 
493 4 535 742 1356 705 
279 5 410 794 300 708 1465 
850 4 325 569 1438 1365 
138 4 1373 1301 988 297 
233 5 406 298 788 583 677 
306 5 977 116 913 244 397 
8 3 230 398 771 
354 4 1298 1270 206 530 
235 3 139 695 1154 
885 5 1110 44 169 682 575 
144 3 854 374 1236 
858 4 318 1129 162 805 
880 4 466 737 209 949 
556 2 818 983 
818 3 667 1368 1364 
106 3 84 1099 1386 
954 4 127 836 941 923 
229 4 793 465 1222 595 
969 3 1085 392 435 
407 4 81 61 810 550 
257 2 809 32 
499 4 1107 1306 812 115 
21 2 513 273 
959 5 1317 86 1101 94 1337 
978 3 157 987 1402 
678 4 41 762 1412 45 
175 4 1193 291 1231 785 
478 5 1477 1136 215 419 390 
264 4 489 254 1375 1276 
538 3 1040 38 247 
863 4 326 874 825 1190 
962 3 98 1070 106 
648 4 655 1201 950 1314 
391 4 624 56 671 934 
792 2 1138 251 
893 5 144 714 1374 1265 1299 
350 4 759 1195 417 1308 
817 4 46 481 1108 700 
517 3 1358 135 482 
63 5 1116 574 753 1469 538 
772 5 277 590 1287 1437 275 
3 4 904 1229 851 579 
855 3 703 1022 900 
368 5 312 1318 781 938 1021 
397 3 33 22 185 
287 3 311 541 912 
94 3 929 892 239 
687 3 979 971 449 
165 3 1454 551 723 
308 4 504 500 28 1319 
307 2 886 833 
445 5 1054 1397 1140 1235 1370 
775 3 871 659 733 
250 2 129 1086 
947 4 1212 264 882 760 
730 4 54 1077 1479 26 
929 4 1118 1000 1177 104 
546 4 636 381 1457 1260 
24 4 678 89 838 59 
832 3 1471 190 930 
295 5 1079 313 1408 1283 52 
352 3 1430 1182 1484 
920 3 806 494 644 
848 4 257 420 266 422 
679 3 1065 1061 1461 
763 4 184 697 1323 792 
781 4 60 908 922 360 
770 4 679 1360 109 436 
374 4 1325 961 599 1444 
867 4 573 1194 281 21 
731 5 1495 182 1003 1277 243 
535 3 1348 24 348 
409 3 87 789 1267 
695 4 783 643 1242 978 
653 3 616 401 91 
449 2 1357 220 
339 4 518 101 958 391 
576 4 508 1123 1294 1167 
676 5 193 1012 872 936 600 
426 4 1089 976 1240 915 
77 2 166 1206 
458 3 1376 1084 1404 
192 2 1100 97 
438 2 586 1295 
61 4 765 232 261 1407 
239 2 1422 1017 
655 3 641 839 1189 
410 2 721 905 
558 4 1198 881 197 1057 
393 3 282 6 1049 
169 3 355 12 725 
757 3 307 5 1381 
199 4 1019 1094 175 745 
39 2 986 451 
252 2 496 980 
176 3 1105 212 1202 
780 3 211 372 145 
956 3 1366 219 136 
271 3 924 1497 342 
692 4 1130 715 345 1157 
627 3 1060 351 1496 
278 4 519 758 141 1215 
64 3 495 712 143 
985 3 747 879 236 
127 3 543 120 768 
699 5 39 186 365 773 292 
102 2 35 1221 
388 3 795 601 1090 
346 4 146 741 188 488 
469 2 51 1493 
625 4 479 801 107 1056 
537 3 829 96 813 
259 4 629 755 256 67 
54 3 301 229 841 
688 3 57 1151 1396 
871 3 989 940 1245 
791 5 324 648 322 416 1148 
960 3 191 626 693 
501 4 1297 343 1378 85 
804 5 706 158 1361 476 1474 
887 6 927 830 709 1435 840 1028 
506 4 1087 393 832 1047 
518 3 0 1352 814 
0 3 1214 65 1241 
949 3 680 1181 612 
114 2 856 159 
81 4 1483 340 102 203 
765 4 890 1321 62 295 
774 3 154 359 571 
751 4 588 164 1305 824 
140 3 167 603 675 
193 2 75 982 
212 2 409 1410 
340 4 470 414 526 1418 
534 3 1168 108 622 
970 3 346 1091 1115 
362 3 948 279 907 
194 5 1443 1248 942 956 1088 
670 3 969 461 224 
794 3 548 1262 642 
15 5 43 379 1398 592 719 
698 4 611 260 827 384 
213 3 480 176 269 
55 2 953 150 
281 4 883 473 205 1482 
903 3 1224 1431 618 
241 4 878 553 808 1498 
512 1 632 
442 2 1228 928 
132 5 444 1142 1420 249 673 
455 4 1106 702 218 268 
85 4 491 1117 1121 638 
268 4 1303 835 142 645 
861 3 413 696 954 
610 3 113 299 572 
938 2 687 1296 
124 3 1184 440 283 
413 5 998 10 726 547 1139 
713 2 463 250 
328 2 867 921 
886 4 1273 394 1237 1315 
980 2 932 1339 
275 2 337 181 
766 5 95 1036 1392 1371 430 
34 4 1112 16 521 743 
188 4 13 92 1439 652 
19 3 457 656 293 
408 2 1487 1164 
333 3 459 320 1282 
849 4 1414 1340 1472 552 
575 2 898 388 
747 4 1216 654 344 338 
36 4 545 437 895 460 
963 3 199 698 399 
316 2 385 688 
383 2 1011 1137 
918 3 1014 582 1053 
776 4 862 375 1249 445 
351 5 424 666 287 400 997 
379 4 118 1134 332 1417 
491 2 1436 868 
452 4 255 253 804 1292 
716 3 323 352 672 
607 2 88 128 
799 5 1463 1285 1459 970 58 
502 3 23 591 285 
101 4 55 156 811 1354 
172 2 15 1326 
740 3 1063 999 373 
324 2 522 155 
986 3 1362 1434 1004 
559 4 1466 1433 171 19 
27 4 111 464 531 1200 
283 2 996 891 
564 3 887 797 315 
977 5 640 274 408 1415 1159 
612 3 403 501 1092 
545 2 662 1153 
836 2 1458 132 
596 4 66 40 817 1411 
955 3 1016 469 1122 
415 3 1032 428 125 
783 4 754 534 1204 623 
88 2 532 746 
365 2 483 1424 
803 3 1313 1132 1387 
709 3 1359 1379 1074 
786 3 327 684 816 
356 3 490 1243 509 
338 2 367 604 
296 2 957 1247 
508 3 378 349 1002 
141 2 1350 819 
852 3 371 354 1309 
364 3 289 1102 730 
29 3 11 728 1266 
810 2 1210 896 
394 3 267 447 787 
65 4 370 594 945 620 
41 2 25 382 
218 3 1051 412 1478 
602 4 1256 776 888 1039 
129 2 1152 77 
666 4 1172 525 633 112 
661 3 241 151 580 
418 5 1034 952 853 1413 1227 
468 4 1401 777 350 876 
430 2 842 407 
552 2 544 37 
135 2 750 780 
926 2 704 916 
51 4 1066 731 608 699 
400 3 272 605 296 
103 2 233 1025 
995 3 1147 1126 1169 
261 4 1363 1058 1018 356 
748 4 1486 981 439 456 
711 2 1006 873 
173 2 1403 870 
734 3 855 1274 628 
738 1 1246 
297 2 450 1353 
7 4 877 178 807 93 
209 3 514 926 433 
854 2 1127 918 
646 3 131 1355 993 
273 3 252 602 764 
360 4 670 1372 1146 820 
525 3 537 1336 565 
485 2 1480 9 
941 2 1037 1141 
92 3 939 1492 1312 
907 4 396 1163 304 1432 
912 4 1013 467 124 69 
856 4 362 717 847 383 
910 2 443 536 
23 2 607 366 
579 3 1275 1035 1280 
343 3 1399 452 1330 
86 3 1038 1111 613 
22 3 1494 288 1453 
238 4 992 1097 1279 493 
806 2 147 1254 
869 4 1150 589 1406 609 
402 4 333 1031 861 79 
322 2 140 240 
746 3 1023 529 1499 
459 5 1425 1174 306 1263 865 
514 3 909 310 563 
566 3 903 831 1244 
214 3 121 1452 217 
453 2 395 984 
243 4 974 848 227 917 
802 5 596 27 663 1209 511 
533 4 757 1125 906 1253 
479 4 134 153 137 517 
30 5 658 823 617 821 1446 
720 4 138 581 1015 498 
98 2 202 71 
665 3 527 259 1230 
258 2 207 3 
694 3 235 920 1383 
60 2 286 468 
4 3 653 1467 864 
224 2 1302 1113 
840 5 991 516 802 471 914 
497 2 130 369 
859 3 990 1369 1075 
134 3 578 559 1010 
363 2 610 822 
317 3 1217 967 73 
492 3 1300 1073 1464 
723 3 858 358 1233 
216 2 226 561 
97 3 126 685 228 
403 3 100 1001 168 
38 4 951 458 1185 117 
913 3 331 718 690 
874 4 902 1218 223 1009 
532 4 1050 790 779 549 
674 2 1076 720 
195 2 850 1345 
767 3 1158 1441 1367 
895 3 1078 1329 1320 
446 2 1271 562 
277 1 1448 
842 3 165 1160 31 
180 2 621 441 
120 3 963 849 1098 
48 1 70 
704 2 558 657 
583 2 1291 584 
313 1 363 
196 1 1120 
953 3 1044 968 649 
811 1 515 
480 3 1421 739 1278 
207 4 800 194 546 772 
256 3 1272 1175 1208 
636 2 1409 174 
965 2 1033 1351 
483 3 177 1341 568 
25 2 1064 438 
411 2 14 1442 
228 2 200 946 
743 2 1131 8 
326 2 309 317 
45 1 173 
439 1 353 
298 2 911 2 
833 1 707 
917 3 308 1082 1252 
914 3 634 245 290 
443 1 1388 
639 1 524 
801 3 1307 503 303 
149 2 799 944 
155 2 734 1259 
631 3 1239 665 42 
828 2 1485 305 
524 2 606 434 
992 1 749 
928 3 477 1334 732 
873 3 278 72 1135 
37 2 614 828 
300 2 1156 196 
976 3 122 34 542 
797 1 1445 
330 3 210 846 560 
265 4 90 411 1293 361 
621 2 619 1405 
601 2 1419 943 
477 3 994 845 786 
125 3 484 769 1238 
72 3 1440 1183 724 
990 1 639 
742 2 152 192 
381 3 748 1024 1043 
684 3 650 20 761 
371 3 276 782 1095 
131 2 885 1188 
167 1 859 
519 3 660 389 499 
565 2 1346 341 
650 2 80 74 
217 3 1390 751 681 
