8218442.917710870504379
618
140 3 1660 409 230 
1941 2 1884 1973 
578 3 152 850 1005 
1317 3 1620 437 955 
874 3 1699 591 1264 
1434 3 553 1393 1525 
398 4 1863 611 1411 491 
1506 3 573 729 445 
1145 2 812 1700 
192 3 1485 1846 1069 
495 6 1636 950 717 1666 279 441 
1893 3 1163 886 1097 
1291 4 1971 1580 343 1560 
405 2 1977 1612 
1802 4 379 847 346 1456 
1479 3 991 1277 1292 
231 4 1223 1128 1831 1136 
882 3 686 1300 302 
42 4 692 806 1999 498 
618 4 1399 1543 502 663 
1966 3 659 1796 91 
1538 5 227 1045 50 1003 1989 
1400 4 471 648 907 552 
1686 4 680 1362 1770 345 
1492 4 1944 869 849 1906 
1203 5 1889 1101 539 1171 688 
1590 3 1799 283 895 
1321 3 1988 1721 628 
110 4 819 1806 796 913 
1965 4 1739 891 1593 1462 
335 4 1414 4 1914 455 
662 2 23 1250 
1352 3 7 1416 1654 
738 4 362 1126 1067 1673 
389 3 1172 1484 1812 
1697 4 1644 1934 956 1431 
74 3 707 1451 635 
937 3 1899 627 848 
1653 4 701 305 1642 1066 
184 5 1057 1305 1728 683 760 
1934 3 990 1736 1422 
1873 3 235 168 712 
243 5 1698 889 765 1936 1512 
723 3 1052 917 930 
1035 2 821 1778 
260 3 1382 1749 1475 
987 2 1690 1099 
783 3 181 53 1275 
17 4 1551 1703 1503 651 
779 3 1293 453 1697 
1436 4 800 240 967 1246 
1393 4 185 88 1215 1962 
1458 2 476 352 
776 3 67 1826 1996 
436 4 1787 1071 1397 968 
1514 3 1237 614 495 
1361 3 1147 1398 26 
1463 3 728 267 872 
1914 4 775 1669 1004 251 
430 4 194 1076 338 1786 
806 5 631 1403 1434 1527 661 
1125 4 785 921 877 1894 
361 4 481 811 167 1437 
336 3 57 1692 1251 
1816 4 999 1735 1400 1590 
1800 4 1387 1266 1851 394 
1987 5 905 1598 1740 1746 1510 
232 4 31 417 837 863 
1525 3 1474 568 1291 
614 3 1159 1458 385 
53 3 653 509 523 
409 4 1190 1050 35 1535 
1424 5 1150 698 182 761 212 
122 4 1518 672 620 1371 
774 4 1265 1378 101 1165 
866 3 492 461 1774 
257 4 1887 1446 1252 535 
1681 4 1798 594 537 1610 
1327 4 1926 1488 40 740 
319 3 1440 866 826 
525 3 771 507 818 
587 3 695 448 949 
533 4 486 1648 1737 1435 
348 4 1619 874 795 1259 
1114 4 636 1366 1156 1625 
1657 4 1538 898 1542 1261 
1536 4 1630 843 1758 1478 
562 4 407 1332 1338 1142 
1247 1 997 
1362 3 180 465 504 
1915 4 55 1531 1070 1578 
1215 3 792 646 325 
1313 2 1584 222 
1935 2 1195 250 
1127 4 526 616 875 1212 
496 3 1000 1908 1881 
1409 3 767 1564 1288 
1322 2 622 1904 
385 3 613 884 473 
900 4 178 1324 1230 1096 
550 3 579 401 904 
123 2 195 1160 
238 3 1218 1626 1958 
536 4 670 157 146 940 
606 4 1752 422 1995 638 
1072 5 1454 1511 308 634 1430 
527 3 770 1139 803 
1701 4 976 252 44 0 
963 4 315 624 1885 210 
323 3 1013 1224 625 
1670 3 273 574 418 
1121 3 959 174 1519 
1619 3 290 1784 319 
386 3 1075 1334 420 
1204 3 468 130 1471 
1309 2 929 342 
1054 3 565 1239 918 
1357 3 550 94 263 
1376 2 1853 580 
1662 4 822 1134 1380 1307 
859 3 1581 237 789 
1825 4 1732 1713 220 122 
1912 3 605 1368 1927 
1677 3 1823 1930 388 
1700 3 332 1602 555 
401 3 151 668 9 
795 4 1854 714 1105 851 
626 3 217 1613 1469 
1304 3 424 1841 836 
376 3 427 1262 260 
687 4 191 860 1696 1122 
768 3 1628 1114 1921 
1251 3 958 204 1890 
1629 3 1217 1392 677 
1464 2 1569 410 
973 4 219 1407 324 1010 
1179 3 1238 1375 1567 
1502 3 1296 603 619 
315 4 1058 110 1918 1421 
1869 4 1987 60 149 783 
1796 2 1553 693 
203 2 1179 19 
1366 3 1343 1185 1582 
703 2 982 446 
1509 4 119 1356 890 1497 
1287 3 10 1861 24 
716 5 497 1256 1108 321 1107 
1972 5 327 1325 416 1725 201 
729 3 576 434 1959 
1470 3 857 213 1552 
281 4 1565 328 1295 1048 
135 2 1804 510 
737 4 1814 457 403 1085 
595 5 38 1444 86 893 723 
1837 4 224 405 1205 846 
1562 3 118 556 61 
1910 4 1271 1935 1969 216 
1717 3 1321 197 469 
441 4 211 1166 682 164 
364 5 435 1235 534 364 823 
654 4 870 1335 1724 1561 
1229 3 1617 147 1448 
425 4 472 490 590 1661 
1085 3 1500 1080 718 
71 4 727 112 934 447 
989 4 1733 1094 1033 226 
1585 4 1652 944 1874 1498 
118 5 505 1943 265 496 599 
1336 4 115 1694 745 370 
161 3 1276 372 1641 
1010 3 262 595 1441 
14 3 1415 104 1333 
1242 4 106 687 1098 295 
79 3 899 1196 742 
1927 3 762 1800 21 
708 4 945 1039 1135 316 
586 3 844 1377 52 
1486 4 1452 1802 145 1624 
1787 4 1595 1910 1330 726 
1633 5 1258 59 1842 1797 1041 
1296 5 881 1882 1468 402 1824 
1462 5 969 426 697 288 1145 
1216 3 1463 995 1492 
1658 4 79 980 1125 572 
406 4 1281 1850 1242 939 
927 4 780 20 588 256 
555 3 1509 702 1102 
1696 4 808 1391 1117 681 
976 3 398 1708 1187 
1903 4 883 1830 214 725 
1344 2 466 1994 
772 4 83 1759 1327 205 
817 3 1167 1932 897 
20 3 1385 1311 1395 
1765 3 33 562 666 
298 4 292 1194 431 340 
284 4 1738 750 1113 689 
1328 3 1946 1507 1849 
1950 4 1858 985 367 1834 
1601 4 415 301 172 494 
572 3 570 797 1599 
576 3 662 1313 640 
956 4 748 456 936 1279 
1497 5 1957 903 703 856 306 
1406 4 1809 1082 1990 1524 
317 3 1755 1683 1072 
1659 3 1089 1657 1021 
1739 4 763 1803 719 1757 
459 3 1149 1228 139 
611 4 246 1092 1086 1974 
1269 2 1919 378 
1312 4 1607 902 1479 513 
935 3 1412 18 1789 
117 5 413 13 1254 322 1781 
1584 3 1651 1577 335 
1746 4 842 540 97 1103 
1102 4 215 1506 1972 196 
1224 4 1961 70 334 1939 
1270 4 1345 282 161 910 
1733 2 623 1024 
1545 2 894 475 
1516 4 669 355 116 1817 
484 4 3 1490 1848 567 
1781 4 1173 642 480 1138 
1736 4 1137 389 946 652 
691 4 1226 470 1515 1693 
894 2 280 1950 
986 4 1418 528 39 561 
1372 3 1650 601 348 
579 5 1460 1095 1443 536 1576 
198 4 1575 17 238 1705 
1266 4 541 1706 596 1903 
256 3 430 1054 931 
1468 4 1481 1322 1761 1079 
1774 3 1361 1461 58 
696 3 644 138 326 
1297 2 1012 915 
1268 2 1879 239 
1233 3 706 1198 1623 
1355 3 1034 600 1872 
543 2 111 1347 
1625 5 80 1570 637 436 820 
1238 3 676 107 1273 
1762 2 773 1209 
1896 5 1285 488 1184 1635 1394 
1597 3 1467 1457 1342 
1095 4 331 979 32 953 
500 4 754 694 1891 1257 
553 2 643 1663 
466 2 845 1768 
1449 3 1208 914 1783 
661 2 606 1286 
711 3 442 186 12 
1852 2 1231 1303 
514 4 344 1470 832 841 
1713 3 519 876 954 
1363 2 1464 2 
770 3 1522 1155 1116 
193 4 408 696 1686 1388 
1012 3 817 674 1042 
619 3 1836 612 140 
697 3 1933 357 1621 
787 5 1917 1938 73 68 828 
48 3 781 365 451 
141 2 318 629 
909 3 734 1436 926 
603 3 1915 1679 134 
1015 4 1249 1410 1807 1220 
1889 3 458 1419 986 
331 4 121 1828 639 193 
1118 4 82 1148 1002 1396 
1539 3 37 1822 303 
1602 4 545 932 1331 1808 
72 4 641 1649 278 878 
1151 3 349 1306 1348 
1392 3 854 1742 354 
1234 4 266 156 542 554 
862 3 589 1558 8 
1483 5 1064 287 123 28 1970 
197 2 896 557 
128 4 1093 928 1480 223 
842 3 393 1409 1949 
1511 4 1911 89 1981 1568 
679 3 1937 275 1083 
1428 2 512 242 
1618 2 1351 1991 
426 3 1037 1315 1588 
800 3 406 1537 489 
1842 3 1439 1384 1571 
1386 4 1360 575 1189 200 
1751 4 1821 183 454 353 
688 4 1031 1691 1794 713 
875 2 1734 1979 
796 4 1213 1559 333 1413 
1711 4 1056 366 1204 1689 
1706 3 908 105 1877 
566 3 744 1659 1044 
1682 4 989 297 1183 1143 
1108 3 1878 1370 1047 
1460 3 254 1124 350 
1690 3 563 1840 739 
1032 3 650 1756 981 
1144 4 1104 1665 443 1299 
1193 3 864 1615 1326 
1622 2 96 46 
408 3 952 1900 1111 
1772 3 1866 813 892 
1282 4 675 1491 1030 1762 
943 2 1106 432 
1513 4 382 501 419 397 
462 3 1207 1346 30 
354 3 1027 772 1815 
1359 4 987 708 14 678 
1818 1 943 
719 4 757 1833 1744 978 
1520 4 128 425 738 1298 
275 3 1438 1120 175 
1515 3 970 1132 312 
916 3 1319 1586 685 
1650 2 911 804 
883 3 395 1175 1701 
1528 3 1753 1489 1643 
1611 4 1466 1339 587 1032 
678 3 1432 1344 559 
1695 4 657 1529 1323 615 
1671 2 649 1329 
1230 4 1001 998 1193 786 
948 2 1486 1750 
62 5 479 92 485 1672 546 
1991 3 1983 514 647 
369 2 203 218 
1440 3 1267 920 1875 
528 1 1270 
620 5 1320 1340 1608 1280 1634 
1397 1 709 
1301 4 36 464 1729 1084 
1879 4 547 609 1290 1240 
530 4 1968 75 1181 1278 
756 3 27 830 1976 
278 3 48 1681 1528 
1391 4 231 784 29 87 
479 3 1241 862 517 
1112 3 879 387 1975 
918 3 1364 1942 1810 
212 3 1337 582 93 
851 4 722 1993 1655 971 
1555 4 530 807 1513 391 
1158 2 339 506 
1866 2 1820 1604 
1414 2 520 1055 
1044 4 1924 1857 1898 1929 
623 4 6 1844 1638 724 
712 3 1433 229 1760 
1669 3 1562 467 1704 
196 1 1695 
107 4 285 777 438 1592 
926 2 1341 867 
95 3 664 298 1225 
1292 2 1998 1609 
342 3 1951 1304 859 
367 4 1011 1671 66 1572 
1388 4 660 414 597 1677 
1394 5 1035 1233 916 158 1182 
992 5 1390 839 1312 840 793 
1064 4 1668 1523 1429 1876 
744 2 737 578 
600 3 973 1244 1363 
1574 3 1284 1206 1078 
1076 3 621 11 1785 
1061 4 361 1730 1614 1029 
1079 4 1200 351 1953 816 
1188 4 1716 1174 515 22 
749 3 439 1009 374 
1530 2 1867 363 
904 3 1566 984 947 
1324 3 1129 919 1984 
170 2 202 527 
1577 3 948 1049 1587 
374 4 1780 1376 1077 1379 
1909 3 1090 373 459 
1895 4 1600 814 746 1601 
668 3 1247 901 380 
59 3 721 1161 463 
183 3 1087 1016 487 
49 3 1374 1905 1188 
188 4 428 503 1956 584 
1963 3 176 1907 412 
25 4 604 166 1573 1865 
247 3 187 72 1664 
520 4 1896 1847 882 1517 
451 4 564 1912 1963 1008 
526 3 673 1859 801 
656 4 1119 1465 1864 1162 
801 4 1710 1310 524 1680 
580 3 460 1169 802 
1674 4 531 206 1645 1765 
693 2 1967 95 
958 4 1792 1495 543 1748 
491 2 1731 1845 
1398 4 912 925 1533 132 
490 3 951 1302 1640 
1755 2 516 1023 
912 4 78 1618 1372 1791 
1163 4 1521 1563 1483 1718 
1958 3 684 1605 957 
574 3 1428 1532 1154 
1508 3 888 247 1350 
1871 4 90 1405 809 924 
559 2 937 549 
431 4 1202 1923 198 1676 
1753 2 743 1611 
1207 4 133 655 141 1717 
1373 4 1402 1597 1727 1294 
1077 2 1088 900 
516 3 887 15 376 
21 4 835 258 500 966 
211 4 764 522 1062 1221 
1071 3 1769 1505 1068 
835 3 1526 766 1036 
810 3 1170 756 1417 
207 3 1015 1038 1603 
938 2 1514 1745 
813 3 1229 855 1892 
244 4 1389 1459 1502 732 
347 5 1255 833 1472 1051 1965 
1810 2 1554 834 
215 2 177 1494 
518 2 1966 1871 
1808 3 1773 1499 602 
1284 3 736 1263 1964 
226 4 1121 337 1353 320 
848 4 810 241 291 100 
1173 4 560 330 259 477 
730 4 1585 1723 1819 136 
1664 3 208 741 1404 
1831 4 1081 85 1191 314 
1155 3 1539 1386 269 
1661 3 977 1177 1790 
147 4 423 1110 1006 1232 
1830 4 42 794 699 858 
1685 5 853 645 444 1289 1131 
1819 3 1895 270 271 
1221 3 221 558 120 
138 2 1219 927 
1429 3 1316 923 1653 
930 3 1982 1813 1504 
1881 4 317 1168 1766 1274 
1667 5 377 1684 311 1019 1268 
710 3 452 1670 225 
1115 2 993 1855 
519 3 304 1688 1180 
99 3 1487 56 1269 
1332 4 788 1046 1424 941 
191 2 1127 1873 
811 3 142 329 1 
1034 3 1837 1309 1709 
1521 3 368 815 733 
607 4 938 656 529 1880 
1383 4 1336 1040 1980 103 
40 3 922 34 1860 
1021 3 730 1629 1520 
1390 4 1547 586 1282 1260 
497 2 1772 1675 
1592 3 1897 532 1925 
809 3 632 1358 1978 
1726 3 774 1140 906 
858 3 493 880 1501 
1073 3 1283 1401 1007 
1546 3 390 610 508 
853 5 700 1743 1901 779 474 
1212 3 170 1214 1477 
899 4 630 1952 1776 1373 
1099 4 1627 1838 1754 1141 
1267 3 117 1227 1216 
1596 2 341 1829 
1260 3 1667 429 1702 
1399 4 162 199 184 1707 
1637 3 484 577 137 
469 4 1197 1022 1913 1606 
880 4 276 525 1656 962 
945 3 593 299 165 
1123 4 482 1540 1811 336 
658 3 1065 1354 1545 
1445 4 1060 1771 790 1091 
1651 3 1715 63 1947 
1884 2 1164 960 
1680 2 310 1546 
807 3 935 1541 404 
1906 2 1450 160 
1974 3 1109 1178 1222 
432 4 1059 144 462 1888 
32 3 45 400 207 
1548 3 1920 1869 963 
925 3 1112 1406 658 
1001 3 715 1557 1712 
961 3 313 585 421 
55 4 1426 293 236 1948 
165 2 1493 1954 
1519 2 1210 356 
4 2 228 1589 
1217 3 1447 1763 1843 
1147 5 1455 690 731 129 1408 
474 5 753 375 1714 190 1835 
1164 3 1678 1574 751 
1817 5 1639 1530 248 607 51 
252 3 799 5 618 
1199 3 544 720 450 
718 1 1658 
1342 5 679 192 209 1423 381 
1882 2 76 1818 
1184 3 1764 1369 1317 
1570 4 1186 1073 369 671 
180 3 827 384 1449 
1422 3 711 1203 1074 
1748 4 716 1453 521 583 
1971 2 1616 768 
1593 4 268 1482 1383 964 
1572 2 1583 988 
985 2 1236 533 
1647 3 478 824 109 
1947 3 253 1144 581 
1995 5 1685 617 1555 300 127 
272 4 1816 234 825 1632 
1402 3 1496 307 358 
1847 4 735 1931 159 1442 
971 1 1720 
486 3 1883 281 1916 
567 3 769 1777 1928 
404 4 131 1682 309 548 
2 1 153 
1346 5 1941 747 626 1014 255 
610 2 592 399 
594 2 1100 396 
1038 2 154 758 
297 4 1365 286 1445 992 
957 4 994 778 1053 135 
509 1 386 
1902 3 865 440 171 
302 5 1955 972 791 1805 449 
220 2 69 114 
1994 3 1594 1272 1367 
1531 2 1381 1357 
277 2 1779 1775 
1314 2 113 102 
1074 2 47 1318 
237 2 169 1945 
1381 3 1747 1782 1234 
1788 5 1868 1631 1579 1633 885 
38 5 189 1243 359 62 77 
1473 1 1115 
1187 1 1211 
552 3 749 1158 1647 
1248 2 787 25 
1439 3 1687 54 710 
1783 6 838 829 188 1751 163 551 
1741 3 667 1986 705 
1638 3 1152 1852 1767 
1169 1 383 
1461 1 232 
287 3 1793 759 1028 
1036 2 704 1862 
1488 3 1997 873 294 
1303 4 371 99 1596 126 
1948 3 179 243 1308 
382 3 1199 1922 1741 
380 4 1043 996 1061 43 
54 2 1420 798 
1168 1 831 
1020 3 84 65 499 
325 3 433 654 1674 
630 2 752 1063 
1395 5 633 1662 49 1870 1017 
1640 1 360 
1206 2 569 143 
1213 3 245 1287 249 
556 3 975 284 81 
1337 3 1549 1902 1508 
740 3 1544 1253 1473 
544 3 983 1909 392 
261 3 1157 1726 1637 
967 2 1536 1591 
201 3 1123 1328 1832 
625 6 274 148 691 1025 1550 1722 
1171 1 1301 
609 2 155 852 
649 1 933 
1839 4 1425 1297 1355 1352 
931 1 1886 
895 2 1118 1192 
1375 5 665 1893 861 1940 261 
379 2 571 1646 
903 2 1314 961 
750 3 1856 1018 483 
92 4 1151 1992 1245 1985 
1090 1 1839 
1244 1 1801 
250 3 233 1248 1201 
1413 3 71 411 1020 
394 2 805 108 
56 2 1827 1795 
58 3 868 150 566 
1580 3 1825 776 1534 
1603 3 1719 323 1548 
18 4 173 244 16 965 
1780 3 264 1427 277 
1894 3 1788 347 518 
1172 3 1516 64 1960 
1655 3 1146 289 974 
149 1 1711 
1382 4 257 538 125 782 
624 4 942 511 74 272 
1587 4 871 755 296 1133 
223 3 1176 41 1026 
392 2 1349 98 
913 3 1622 1476 1153 
1645 2 1359 909 
1482 3 124 1556 1130 
864 2 608 598 
