29990034.632885992527008
134
105 8 87 206 149 638 705 14 30 455 
78 1 182 
196 3 393 778 299 
112 5 436 306 285 539 776 
12 2 386 27 
188 5 10 770 121 774 213 
76 4 235 693 342 389 
64 3 165 248 83 
40 1 12 
126 2 494 339 
46 2 66 382 
129 1 412 
156 1 463 
157 4 550 371 474 597 
149 1 754 
37 1 568 
144 1 736 
177 1 492 
3 2 471 677 
74 1 632 
66 4 556 766 620 759 
52 4 128 312 107 137 
162 4 307 772 589 783 
187 2 22 364 
22 3 672 106 769 
99 1 359 
121 5 682 768 18 143 771 
14 1 609 
9 3 294 756 470 
89 2 407 503 
114 6 669 782 363 139 601 123 
109 3 69 352 522 
138 3 731 70 350 
195 4 369 534 645 668 
180 5 126 593 487 646 433 
34 2 399 573 
154 1 282 
113 2 616 749 
45 4 251 236 131 155 
143 1 485 
51 5 375 291 288 450 68 
7 4 557 741 725 447 
20 1 340 
120 3 531 320 122 
30 8 208 462 626 633 344 415 667 790 
178 1 48 
84 3 704 700 145 
167 6 585 437 548 697 322 89 
26 2 505 545 
83 2 349 57 
82 1 510 
59 3 486 300 170 
183 3 218 384 50 
190 2 262 501 
197 10 129 785 366 196 276 316 314 273 530 738 
135 4 95 32 604 630 
70 1 130 
72 1 301 
172 3 354 654 542 
61 7 525 517 162 116 113 572 227 
166 7 496 15 610 613 221 183 268 
53 5 428 133 63 80 58 
173 4 333 465 195 209 
176 4 44 368 323 698 
181 4 716 296 249 702 
65 8 336 153 739 476 144 718 134 81 
150 6 253 120 699 608 680 706 
75 8 293 243 521 410 719 730 489 479 
159 2 567 331 
161 1 424 
38 2 400 628 
87 1 172 
60 10 765 147 150 431 423 689 142 737 446 797 
145 12 158 459 592 394 578 644 380 92 240 190 398 362 
67 15 269 74 440 671 24 396 445 219 217 491 631 528 42 252 324 
128 14 159 258 64 51 334 315 755 611 653 138 652 781 402 230 
16 12 775 90 93 176 453 174 743 692 694 17 622 370 
36 10 33 571 257 4 211 3 701 117 171 740 
71 9 419 406 717 561 228 549 748 710 237 
68 12 367 100 109 295 214 164 508 304 690 532 267 562 
48 13 788 201 498 576 378 239 434 332 603 559 188 533 449 
56 10 425 166 688 605 82 715 289 552 232 681 
86 12 641 204 223 695 537 504 481 355 327 444 523 661 
98 11 687 168 555 284 636 124 753 502 420 115 72 
185 12 180 23 207 193 157 767 696 203 452 56 657 618 
123 10 426 73 435 348 6 691 205 19 101 383 
96 11 216 250 98 634 751 29 794 54 624 210 5 
101 11 408 429 326 318 156 480 637 746 53 274 787 
170 10 484 553 499 558 726 676 259 565 516 664 
139 9 242 655 395 536 493 34 750 709 136 
155 10 629 0 361 266 229 279 468 761 329 77 
95 9 346 460 247 21 554 640 617 590 526 
58 10 580 7 194 734 255 779 594 678 595 245 
147 11 598 417 744 26 94 582 311 535 466 47 416 
198 11 614 75 713 475 85 763 347 735 472 663 388 
73 9 586 377 185 132 391 345 215 244 184 
92 9 660 292 61 125 563 238 792 49 335 
79 10 587 270 358 302 59 387 795 793 760 102 
163 10 721 513 560 403 231 575 612 457 225 154 
111 10 372 733 78 712 181 708 112 65 566 28 
94 10 514 374 241 381 720 187 451 379 317 160 
29 11 178 186 110 1 283 220 16 191 60 40 658 
174 9 685 786 41 224 675 490 401 261 202 
21 8 99 583 461 309 11 711 488 758 
91 9 104 38 96 46 627 519 308 341 467 
119 8 114 511 458 200 411 577 745 212 
63 8 643 360 500 97 773 483 651 45 
116 8 290 635 540 297 427 31 2 714 
151 8 469 264 277 103 189 256 642 674 
69 9 338 161 36 62 619 454 579 623 625 
142 8 351 263 670 325 39 25 357 729 
10 8 55 529 413 518 91 173 376 271 
194 8 752 246 310 337 37 606 8 108 
32 9 703 167 392 574 88 152 319 192 647 
49 6 544 599 169 286 615 353 
88 9 146 226 659 443 723 551 119 430 442 
81 7 118 71 140 409 79 404 365 
2 7 477 541 497 287 520 538 506 
115 7 596 673 478 798 495 742 198 
80 7 666 234 222 621 728 543 9 
175 8 607 86 20 796 515 43 524 321 
19 8 662 764 151 648 747 448 686 456 
42 9 584 789 260 303 141 233 313 330 105 
164 6 275 791 422 305 111 328 
24 7 35 507 127 432 177 272 373 
104 8 280 722 179 509 564 405 683 148 
35 8 650 569 135 762 600 727 588 512 
160 8 281 67 199 163 265 665 464 356 
39 7 175 343 656 547 385 602 52 
158 7 732 581 649 254 84 278 570 
153 8 799 777 707 390 438 473 197 546 
141 7 639 591 684 482 421 414 679 
55 6 527 441 780 784 757 439 
186 6 76 418 724 13 298 397 
