228228469.415285736322403
208
246 18 2851 2954 1086 2454 2251 1472 1452 2431 890 2306 2497 2352 1645 1847 799 2101 553 1853 
52 15 2136 2143 39 2114 2722 2576 2279 2959 980 413 465 732 645 1944 625 
162 19 1058 2094 1501 1619 2372 503 1896 424 2312 2720 2772 2032 2836 1486 2636 985 2586 1370 307 
186 21 2579 2068 767 2648 1296 467 1800 1564 1259 249 1285 1931 2575 2087 2289 274 522 2674 304 1197 1449 
255 11 1238 730 350 2189 2445 1841 2826 508 459 783 1190 
354 10 774 1873 2297 1044 1200 1133 962 1306 840 1980 
26 16 1396 2538 1029 1978 2838 1672 880 2870 2485 1024 41 109 2672 2469 23 1107 
347 17 967 1087 2320 2014 1343 170 2756 2573 2375 1209 1578 1720 1330 1558 90 1441 231 
433 5 1726 2074 2191 710 667 
215 4 1205 1977 2395 2753 
263 3 2105 605 1112 
119 13 2160 100 579 1917 896 2427 1648 1808 2286 1136 1184 1865 738 
153 3 691 2858 423 
282 2 2409 1622 
120 10 1734 1286 928 1713 2911 858 1752 1585 2991 1428 
465 6 823 2468 620 2617 1528 1823 
37 2 2704 2639 
253 1 1059 
188 3 2746 715 456 
157 5 60 1271 2766 395 2616 
336 19 2574 335 1859 2026 368 507 698 1772 1519 2063 2269 45 2844 1181 1338 218 426 369 2775 
343 7 939 1252 1034 1275 1369 9 1684 
23 8 2099 273 1118 1986 2742 2700 2247 2280 
453 7 2363 2549 1560 1319 21 644 2483 
207 18 2049 1425 2299 726 1309 2293 1082 260 2329 2979 1811 1673 2054 2134 1460 1080 154 551 
319 8 2603 2936 993 1901 1384 1503 2157 1669 
218 1 2217 
470 2 2421 2079 
222 16 179 1524 1864 2951 2045 207 1373 2106 1895 736 1185 2042 2898 142 138 2245 
460 16 2969 1898 1508 866 572 2433 1834 2158 401 1332 803 647 276 2190 1240 2448 
5 8 1027 186 2831 1644 2080 1981 719 1062 
458 15 2532 2386 311 2600 346 562 2542 768 392 1842 2975 735 2449 1660 2069 
106 16 1954 794 2186 947 62 590 1135 918 1375 924 2149 2027 498 1627 181 2061 
182 11 1858 1924 694 196 1406 78 1292 479 2995 333 1881 
273 11 2281 2852 1568 561 2726 2178 654 1637 2647 910 2284 
333 20 1461 2877 905 1216 1730 2307 842 3 63 933 2172 105 431 969 318 2598 2884 1229 713 1277 
130 20 2311 202 2919 2581 1494 527 2527 852 146 697 2393 2659 2558 2461 690 675 1547 450 1832 502 
285 11 1416 2984 2712 685 2035 410 2010 661 1474 878 1305 
210 9 1084 2891 771 315 1371 2658 302 747 2608 
249 21 1146 1164 147 867 564 2345 1356 1056 2861 1351 763 2378 2812 2883 628 28 818 1321 1298 262 1893 
457 21 2256 2721 2966 463 2147 512 2473 855 2749 2104 1753 29 2764 2252 1682 385 76 2673 58 1157 1147 
95 24 1132 1367 50 2051 2887 2291 1344 2671 1054 1991 2356 2235 2024 2073 2840 637 983 1487 1605 145 1114 305 2571 1883 
430 20 1855 1722 25 229 790 2731 1665 2432 1401 220 604 1803 2811 2228 1476 364 2495 1262 1239 777 
60 22 1165 2300 1048 1177 2185 2096 2113 1863 591 834 804 1921 2684 837 1688 1534 497 1241 1856 326 925 614 
169 17 1466 1485 978 1739 341 2805 589 122 2545 944 672 1791 485 943 339 2429 1444 
86 18 1606 1661 2346 491 1316 930 2798 1632 1536 484 986 624 1743 1611 573 1780 1550 2465 
365 11 2413 633 2778 2782 2625 1658 2046 808 268 610 1806 
225 13 1236 923 1680 195 2505 2041 457 651 2424 347 718 2457 91 
342 23 717 734 2595 225 2156 1313 2202 954 807 2717 24 1639 1908 2890 1497 2820 1088 2968 1005 1171 1483 44 1939 
155 15 1879 2436 1323 2668 360 956 1990 2747 1328 2512 2494 2939 56 1438 2770 
242 14 425 976 2623 584 1775 234 222 2175 2127 2728 2889 906 172 678 
22 20 1514 396 403 585 1861 42 2083 1314 2897 2795 998 949 1402 2402 1551 2197 1764 1137 53 2489 
177 15 2790 2666 854 351 1535 1640 2374 1400 652 1009 2288 1758 1698 1651 2888 
73 19 2139 2030 2706 746 1549 2230 692 2679 1947 1264 1828 1284 966 177 2144 2709 20 298 2526 
442 21 2910 2719 850 444 1233 2839 936 1867 134 1706 875 1304 1424 1770 1103 1278 2290 830 34 2938 1692 
112 17 1119 2847 1288 1765 731 2873 760 728 646 365 2827 405 258 1809 1211 740 2362 
231 23 2399 1095 836 1454 973 751 1871 1595 2013 2238 2940 128 1623 1225 1110 2817 1061 2755 963 331 2606 2081 1213 
292 20 2928 2809 2885 330 1666 1821 2641 375 514 2364 404 798 1894 1787 1884 1386 2862 2680 631 374 
124 18 2188 2047 174 2509 838 2960 945 2165 1685 88 2205 2476 1667 883 1191 454 1638 435 
259 19 1212 185 1419 1243 1349 228 541 2689 51 2619 642 168 59 2263 269 221 2597 1974 1916 
21 18 2593 961 2640 2695 277 204 1429 1329 1451 1710 2334 43 1829 443 1359 1970 1670 822 
295 20 2543 1160 2594 1636 2718 240 22 1358 2796 2816 2697 466 384 2559 2052 1887 1094 2271 1643 215 
313 15 2325 2444 1604 1134 16 253 958 2661 290 634 2859 223 2379 155 2899 
205 18 2759 1353 2008 2302 451 1098 843 748 1393 1250 1506 2443 974 778 33 113 353 893 
409 16 2154 2159 1482 1965 575 1953 2038 2111 2242 0 813 1142 2283 2687 1153 2184 
7 21 1532 1759 2824 38 1525 723 1299 1900 2743 83 1836 1872 27 1189 2678 641 1427 1544 2382 2874 1870 
13 20 1527 188 2988 293 2825 1696 2556 872 1681 1496 552 1512 1404 935 1686 1126 1301 2872 531 478 
244 13 1128 40 2745 2206 2460 159 816 1433 1975 2126 328 2088 2669 
400 23 1297 135 2632 1996 2474 387 2478 2248 724 1273 891 1904 699 2880 2865 773 2551 1712 1597 1756 2120 2437 1014 
82 18 2119 171 192 55 166 115 545 1805 2212 2391 2908 856 955 475 261 1919 1067 1724 
404 23 2301 775 206 325 2385 2867 548 2907 2262 1115 1246 2140 1987 643 1926 2244 2655 2565 2211 2504 402 1407 1334 
370 16 2650 2535 2976 2466 2536 1389 334 754 594 1078 288 2602 2384 2070 436 2082 
444 23 725 442 2075 2361 636 1878 2257 1906 1162 2932 1827 1521 2894 1989 496 662 1099 1984 343 1913 2095 2440 495 
391 14 1222 1104 108 1020 1928 2828 1111 1826 1969 284 2086 2412 1891 2324 
140 15 547 2259 2005 2387 1183 1317 1446 1745 2408 2107 2821 2868 2875 2370 1707 
451 17 1509 2358 2514 2317 849 881 1175 2564 1866 1055 2823 1090 1499 6 607 1481 2502 
388 17 1272 1267 2350 792 354 2998 211 1935 2842 2905 908 1345 2962 2492 829 581 782 
484 12 2563 1892 2196 418 2982 1812 1381 1322 296 1010 148 1966 
101 19 2078 711 2604 2342 1629 1835 255 1166 739 835 449 26 2707 580 399 2941 1888 2878 2274 
289 14 2223 847 915 488 1539 2869 1201 1543 2765 2240 359 574 1139 1586 
144 16 378 1004 1703 788 2513 2353 1620 2102 948 201 2656 2996 487 440 1792 1738 
115 17 521 2354 319 544 2607 1760 1783 2200 96 979 1187 666 1131 327 904 708 1920 
41 15 1678 2335 1844 1852 653 382 1955 1659 2510 1946 968 659 2557 770 2064 
239 18 183 2369 157 2253 2994 706 756 394 2516 2978 219 618 1899 758 213 510 2066 2601 
4 18 412 158 1336 2417 2084 1936 323 1608 1886 851 2118 516 2471 815 1346 764 1352 755 
478 22 2332 683 938 1436 2273 1699 1972 868 2634 1385 1003 381 2481 1631 1028 1258 2296 526 981 1742 2415 448 
226 18 1909 1283 1432 504 1013 67 1798 1251 1083 10 1689 2085 338 2182 2219 2915 1767 1339 
367 20 1001 1148 846 126 2541 2447 2585 537 1683 2298 1069 1615 2304 2948 595 2092 2410 1575 1563 2583 
57 18 577 1837 534 1950 1176 2294 245 912 1435 2572 2609 1335 2039 827 742 592 1553 2168 
31 17 987 929 1607 2569 1748 2773 1565 2076 535 2963 452 1040 1762 1411 414 1232 2216 
228 17 1814 1085 1967 1769 1066 1310 2487 286 989 1731 1019 2691 2155 2630 1614 1253 420 
12 19 1784 821 2072 2521 2227 390 663 2580 1108 1109 784 2224 1594 733 2365 601 254 870 1199 
80 16 130 1702 283 1751 2561 2539 824 2781 2582 208 71 2596 2989 1968 193 1340 
498 16 2635 568 2153 1480 239 1963 2758 1531 1822 1589 309 287 2675 380 2517 600 
436 18 355 2744 1962 1079 107 233 2777 1325 1421 483 2983 2313 1089 1217 1630 2555 2999 2450 
381 15 1362 753 2130 674 2554 1318 2282 2056 982 1154 762 2843 1057 2501 2411 
154 20 143 477 2507 780 1766 1290 1007 2522 1443 2534 176 2062 2150 1691 797 2394 251 1744 1287 1998 
374 16 1207 2452 1178 2180 559 1431 2973 2980 2117 1979 1956 1324 1857 406 2405 1830 
221 16 2151 2587 345 2220 550 2734 1933 2912 1144 2123 1831 1824 1247 1333 1677 1584 
104 14 800 2866 209 919 2330 1152 2553 1854 532 1224 1064 149 2740 2964 
495 19 2967 660 1793 1839 1218 18 15 490 2328 1150 2525 69 136 1469 766 525 2552 1117 964 
357 16 476 1347 1777 1360 1390 133 150 2438 832 1237 793 1097 2009 2179 1786 2472 
139 20 1848 2923 2376 2715 1130 1392 1714 1940 427 2511 2761 2000 324 1269 1276 160 1193 2663 1093 1776 
271 15 352 84 1655 2318 1869 2057 1914 1757 1002 2846 2148 2518 2226 1697 458 
92 19 566 409 1747 1992 871 1376 1577 2546 1556 2050 370 437 1761 1203 1662 1448 336 991 1021 
146 13 1507 879 1092 2315 2115 1732 688 1581 820 1255 1807 244 1802 
415 18 2841 1676 252 994 1173 2129 376 1715 1423 2917 2900 2985 2694 2422 1846 30 320 931 
211 16 372 1574 2568 1016 317 2696 2633 2146 1462 609 2319 141 1716 1151 2924 785 
414 16 922 2377 1380 554 2077 677 664 2310 2524 658 2125 2314 1172 2652 555 2956 
382 17 769 2233 1875 1228 2071 1701 1418 422 272 1046 1717 1663 657 1583 2590 474 1302 
390 18 248 2806 583 2930 2028 2733 397 1555 2660 1174 37 704 2097 230 2265 1825 243 1387 
324 14 1366 670 1650 1234 1138 1420 400 1105 2234 267 2800 2416 2935 700 
353 17 1100 1624 2381 2605 2665 2754 2295 1510 2808 1120 493 2268 757 2570 2060 1983 2818 
227 17 1850 1391 831 1300 1490 1326 1721 787 2355 518 1041 2198 2701 52 598 1348 468 
260 17 588 1533 2716 2797 280 2610 1012 2711 281 1484 266 2815 862 349 1052 1711 2857 
445 15 2303 1557 1281 1051 2591 1033 1043 2479 826 2886 1635 1576 828 1410 2278 
161 15 289 2122 2323 2112 679 2588 576 911 2664 2714 2738 2904 814 1741 1456 
489 19 2550 861 2802 121 36 622 1957 1621 668 2958 1529 2916 197 2006 1943 2442 2246 2058 2584 
39 17 1690 889 869 416 1161 2529 2218 2992 2231 970 1705 1215 1590 1192 224 2496 2131 
332 12 184 2628 2644 1450 560 2065 2383 2925 2651 1937 342 1922 
359 15 2366 419 2850 81 913 1945 1733 2829 2961 1679 1708 2813 695 1656 593 
378 12 2137 2261 2624 1210 205 649 1851 187 2237 1610 1932 2688 
216 16 864 2649 2944 505 648 1862 539 1072 1905 2347 1750 203 914 32 1566 125 
185 9 362 2748 98 1127 2788 1598 1602 2490 2855 
494 16 1773 1961 2321 1464 1779 1415 626 2181 1736 1495 596 1505 2142 2166 2018 1060 
364 13 257 2264 984 2333 1718 101 602 1219 2163 295 2787 2540 1413 
88 16 1123 1788 2170 2357 2997 1031 2503 1168 379 995 1540 1355 1455 1025 682 1308 
172 17 2435 801 489 279 433 2683 2566 1073 2459 812 1102 2562 882 721 127 1453 383 
64 14 2703 1838 119 959 2040 952 1008 676 2390 2713 2164 481 997 2229 
193 15 1227 430 1573 2896 845 247 1719 1927 1430 597 2371 226 2418 1458 2786 
167 15 1988 1567 2677 1368 533 2914 2336 1459 2055 1504 892 2398 2108 2241 1394 
243 14 2360 990 2195 2327 833 1180 2162 408 2515 2801 942 2977 557 703 
241 13 776 1816 104 2957 2500 921 161 2458 2937 1017 1649 2544 1063 
350 17 1477 673 669 1354 2183 46 546 1804 1596 687 2337 70 110 1997 2737 729 752 
371 15 809 2470 1179 1295 1439 2089 1513 2993 367 638 2209 501 2022 1958 1797 
425 16 558 750 2612 411 306 1561 2207 2810 2266 1889 189 1395 212 140 898 2121 
440 15 513 1999 1065 1591 917 1820 470 1790 1378 2793 745 1248 65 5 1312 
309 14 1959 2389 1342 957 2254 469 47 2686 1628 1647 250 1405 612 494 
424 12 1843 2653 2845 256 2710 953 623 1341 2692 1817 1675 844 
166 11 863 2482 2724 1949 819 2920 180 2807 1929 2169 2025 
121 16 259 2657 112 684 217 391 2767 1868 857 1694 73 57 2204 859 316 2751 
448 17 1291 1070 680 2250 173 1473 1727 163 1617 693 1035 549 565 1398 1687 1231 2952 
111 13 2103 2972 14 1169 275 270 2990 2864 1125 1515 2093 242 1657 
376 19 2316 2020 2403 1971 1613 2698 1695 1422 117 1315 805 1440 227 1220 515 340 1155 2560 613 
32 13 377 1725 2132 2239 1159 1412 2232 1388 1475 1542 167 865 314 
236 12 216 2946 988 2110 899 1409 1361 538 2401 2419 2406 1600 
279 20 2508 2871 1442 1470 608 1257 1293 1382 8 2225 876 4 2331 1163 2339 445 671 1633 2003 94 
187 18 848 886 447 2879 68 2922 1530 1015 897 2774 308 779 2451 1223 960 1709 1562 337 
412 12 1582 1538 1263 1143 61 2392 139 977 2275 1022 2693 2021 
398 15 1158 11 446 1282 2618 1522 1249 772 398 2791 1113 2794 332 639 1746 
499 15 727 1195 2986 492 1434 2396 12 996 1552 2059 2971 950 2349 1918 2708 
438 12 1122 1654 1039 901 2173 894 1047 235 2423 137 570 587 
496 14 2881 1537 373 1728 1771 322 460 175 714 536 111 1874 640 2326 
18 16 2141 1880 1795 1952 1518 759 1294 2243 93 1096 2933 2067 2053 102 542 632 
168 14 1548 106 1735 77 2109 2034 2434 2531 2882 1256 1789 271 543 2308 
138 14 2499 1254 1235 1616 2133 2428 1849 1049 1270 655 2145 1737 860 941 
497 13 1350 1261 2942 35 2236 1653 7 1502 1226 2464 1357 1674 2091 
142 13 1840 2446 2629 2547 2011 2909 2519 2949 2645 839 1641 2462 1910 
394 17 80 2194 972 1437 1554 1626 2439 2425 2760 1167 2849 1006 2627 2834 2965 934 1266 
3 17 2305 975 300 1268 2621 2124 1140 2723 2043 2192 2892 2667 781 2037 1925 2950 1794 
190 14 356 1242 79 2128 348 2906 2287 1882 2221 1327 2100 2785 992 895 
373 12 606 2520 1245 888 2480 701 2736 578 686 417 1903 1038 
45 11 2201 741 292 825 1414 737 1468 1860 49 1170 1799 
114 10 2193 2530 743 907 2404 2750 1930 2441 586 841 
134 11 1379 1813 2491 1303 2626 299 438 2258 2098 920 2048 
345 10 191 1796 455 1592 86 169 2918 1032 1877 232 
170 14 1493 806 1149 2348 1500 2955 1074 499 1417 1517 1778 2943 1587 1740 
189 13 2203 2945 621 2690 2615 2012 1447 2638 87 2002 2249 2768 2528 
147 14 885 2167 2676 1523 1890 2004 1526 616 1492 453 2344 329 1230 656 
66 12 611 2016 681 802 1479 1206 810 2730 1845 1993 123 749 
150 15 415 1071 1923 2015 482 1403 902 294 2637 64 2643 2359 1801 1399 2309 
81 15 2430 2893 927 971 2614 2467 2863 198 1030 75 153 2705 1652 361 303 
248 12 2611 946 441 2414 1960 2176 472 1091 1729 2090 556 786 
96 10 1372 428 1942 151 2367 2116 194 1520 1973 2739 
164 11 2484 429 627 1260 1081 617 1465 1307 720 1599 1274 
235 13 2 1934 214 1546 1026 2699 1457 2498 2477 386 1156 540 264 
360 13 2681 2903 1426 2017 2488 2208 2735 2589 665 2771 1511 1478 156 
395 12 2285 2222 696 1782 903 389 1915 1618 263 1571 2987 765 
176 14 1374 480 817 2682 2426 97 164 366 2007 1331 1121 1244 2214 282 
33 14 2620 1 1311 2931 2732 1810 1363 1408 1749 2763 1196 2784 2270 2578 
413 12 152 1700 1819 1491 509 1876 461 1221 1815 2833 2380 486 
326 12 1106 2752 2548 1768 1818 1101 1208 2729 520 2341 1188 1897 
314 16 1279 506 1053 2830 464 789 312 1467 199 2023 1570 1023 2725 2029 432 357 
15 12 2854 965 2292 1068 114 1289 2213 1077 237 182 1364 796 
83 11 2803 932 884 2397 190 705 2475 363 722 1763 2567 
70 11 291 2260 48 2819 1907 13 524 473 630 2407 1516 
363 12 2031 709 471 2044 2453 120 82 92 2493 2537 2001 2776 
77 11 17 1000 2613 439 1569 2662 2019 2174 2255 2592 2322 
276 13 1572 2702 500 916 2974 1754 1489 1141 1045 887 999 530 1579 
346 13 1911 1445 238 144 1785 301 2685 2599 2135 619 1668 2272 2267 
385 13 2970 2177 89 2856 1042 1948 2420 1593 511 2926 1964 877 2762 
19 13 1194 689 2934 1671 1995 1186 2741 1580 2832 246 1609 2343 2276 
356 10 310 1320 2848 2506 2670 297 2215 434 716 1951 
487 14 2463 528 1774 54 937 1642 744 2533 761 118 2822 1124 2033 2523 
308 12 2388 132 2199 162 603 1885 529 1941 811 1018 563 265 
411 14 2171 1397 517 2860 1182 874 1050 371 2804 909 344 712 285 2981 
14 12 571 1498 2351 2631 2835 1601 1214 2152 1723 1634 1938 582 
76 11 66 1075 2368 31 236 2622 1337 124 2792 2373 1704 
392 13 407 2161 1377 940 650 1036 2757 210 629 2654 1145 241 1365 
339 14 1559 85 1116 1383 1202 635 1603 2929 1612 2901 2456 1037 1265 707 
42 13 2646 1198 2953 321 165 2895 2837 569 1833 2853 1985 116 1588 
320 11 2577 599 1129 421 72 900 2138 2780 2769 1755 313 
47 13 2921 1463 200 358 2876 1076 926 278 702 74 2799 103 791 
145 11 2338 1902 1693 1545 2727 19 1280 2400 2187 1541 873 
159 11 2783 1781 2789 1664 2814 129 1994 1646 2036 2947 2340 
383 11 2913 615 2779 178 2277 1912 523 2455 1204 1488 2927 
288 10 99 519 388 1976 1471 951 2210 2902 2486 567 
474 10 1625 393 795 1011 2642 95 462 131 853 1982 
