2367.21849209386436996283
17 12 17 72 77 132 137 192 252 197 138 198 257 312 317 372 377 378 
12 18 19 78 258 318 379 319 259 199 139 79 6 
5 66 186 246 306 366 
12 24 83 84 144 203 126 204 263 264 324 384 383 
17 13 73 22 23 82 133 142 143 323 382 373 322 313 262 253 202 193 
5 181 301 361 241 121 
14 20 1 25 80 61 140 145 200 260 320 380 385 265 205 
13 85 26 27 86 146 325 386 387 327 326 266 206 87 
7 147 207 267 247 187 127 7 
10 67 307 367 392 332 272 212 152 92 32 
13 31 90 91 150 151 210 211 270 271 330 331 391 390 
11 21 30 81 62 141 122 201 261 321 381 242 
8 2 148 208 182 328 302 362 388 
15 28 88 33 34 93 153 213 268 273 333 393 394 334 154 94 
11 35 95 155 214 128 215 274 275 335 395 368 
5 68 308 248 188 8 
13 39 40 99 100 160 220 280 340 400 399 339 279 219 
16 29 38 89 98 149 158 159 278 338 398 389 329 269 218 209 123 
5 3 63 363 303 183 
16 36 41 96 101 156 161 216 221 276 243 336 396 401 341 281 222 
13 42 43 102 103 162 282 342 402 403 343 283 223 163 
5 9 189 249 309 69 
11 48 108 168 227 129 228 288 369 408 348 287 
15 37 97 46 47 106 107 166 167 347 407 406 346 286 226 277 
8 157 217 184 337 397 364 304 244 
11 44 4 64 124 404 344 284 224 164 104 49 
13 50 109 169 229 289 349 409 410 350 290 230 170 110 
10 51 111 70 171 130 231 291 351 411 370 
8 10 190 250 310 296 236 176 116 
13 114 55 56 115 175 235 356 416 415 355 295 234 174 
13 45 54 105 65 165 225 285 294 354 414 405 345 245 
5 185 365 305 125 5 
17 52 112 57 58 117 172 177 232 237 292 297 352 357 412 417 358 178 
12 59 118 119 179 238 298 418 419 359 299 239 131 
5 71 311 371 251 191 
12 16 11 76 136 196 256 316 376 315 255 75 15 
17 53 14 113 74 173 134 135 195 375 374 413 314 353 254 293 194 233 
5 420 60 240 360 300 
2 180 120 
0 
0 
